api/products/user
after bootstrap
after db
after helpers
after auth
